[flatfull.com/themes/basik/html/music.html]
[backblue.gif]
[fade.gif]
[index.html]
[flatfull.com/themes/basik/assets/css/site.min.css]
[flatfull.com/themes/basik/html/index.html]
[flatfull.com/themes/basik/html/music.charts.html]
[flatfull.com/themes/basik/html/music.cat.html]
[flatfull.com/themes/basik/html/music.artists.html]
[flatfull.com/themes/basik/html/music.detail.html]
[flatfull.com/themes/basik/html/dashboard.html]
[flatfull.com/themes/basik/html/layout.a5523.html]
[flatfull.com/themes/basik/html/layout.b5523.html]
[flatfull.com/themes/basik/html/layout.c5523.html]
[flatfull.com/themes/basik/html/layout.d5523.html]
[flatfull.com/themes/basik/html/music5523.html]
[flatfull.com/themes/basik/html/video5523.html]
[flatfull.com/themes/basik/assets/img/a7.jpg]
[flatfull.com/themes/basik/assets/img/a3.jpg]
[flatfull.com/themes/basik/html/page.setting.html]
[flatfull.com/themes/basik/assets/img/a0.jpg]
[flatfull.com/themes/basik/html/music.artist.html]
[flatfull.com/themes/basik/assets/img/c10.jpg]
[flatfull.com/themes/basik/assets/img/c15.jpg]
[flatfull.com/themes/basik/assets/img/c1.jpg]
[flatfull.com/themes/basik/assets/img/c2.jpg]
[flatfull.com/themes/basik/assets/img/c3.jpg]
[flatfull.com/themes/basik/assets/img/c4.jpg]
[flatfull.com/themes/basik/assets/img/c5.jpg]
[flatfull.com/themes/basik/assets/img/c6.jpg]
[flatfull.com/themes/basik/assets/img/c7.jpg]
[flatfull.com/themes/basik/assets/img/c8.jpg]
[flatfull.com/themes/basik/assets/img/c9.jpg]
[flatfull.com/themes/basik/assets/img/c11.jpg]
[flatfull.com/themes/basik/assets/img/c12.jpg]
[flatfull.com/themes/basik/assets/img/c13.jpg]
[flatfull.com/themes/basik/assets/img/b7.jpg]
[flatfull.com/themes/basik/assets/img/b8.jpg]
[flatfull.com/themes/basik/assets/img/b9.jpg]
[flatfull.com/themes/basik/html/music.html]
[flatfull.com/themes/basik/assets/css/site.min.css]
[flatfull.com/themes/basik/assets/img/_a.png]
[flatfull.com/themes/basik/assets/js/site.min.js]
[flatfull.com/themes/basik/assets/img/_b.png]
[flatfull.com/themes/basik/assets/img/_music.png]
[flatfull.com/themes/basik/html/video.html]
[flatfull.com/themes/basik/assets/img/_video.png]
[flatfull.com/themes/basik/assets/img/_c.png]
[flatfull.com/themes/basik/html/app.calendar.html]
[flatfull.com/themes/basik/assets/img/_d.png]
[flatfull.com/themes/basik/html/app.user.html]
[flatfull.com/themes/basik/assets/img/_e.png]
[flatfull.com/themes/basik/html/app.message.html]
[flatfull.com/themes/basik/assets/img/_f.png]
[flatfull.com/themes/basik/html/app.mail.html]
[flatfull.com/themes/basik/assets/img/_g.png]
[flatfull.com/themes/basik/html/page.profile.html]
[flatfull.com/themes/basik/assets/img/_h.png]
[flatfull.com/themes/basik/html/page.invoice.html]
[flatfull.com/themes/basik/html/page.search.html]
[flatfull.com/themes/basik/html/index.html]
[flatfull.com/themes/basik/html/page.faq.html]
[flatfull.com/themes/basik/assets/img/a5.jpg]
[flatfull.com/themes/basik/assets/img/a10.jpg]
[flatfull.com/themes/basik/assets/img/a2.jpg]
[flatfull.com/themes/basik/assets/img/c0.jpg]
[flatfull.com/themes/basik/assets/img/c14.jpg]
[flatfull.com/themes/basik/assets/img/c16.jpg]
[flatfull.com/themes/basik/assets/img/c17.jpg]
[flatfull.com/themes/basik/assets/img/c18.jpg]
[flatfull.com/themes/basik/assets/img/c19.jpg]
[flatfull.com/themes/basik/assets/img/c20.jpg]
[flatfull.com/themes/basik/html/music.charts.html]
[flatfull.com/themes/basik/assets/img/a8.jpg]
[flatfull.com/themes/basik/assets/img/a6.jpg]
[flatfull.com/themes/basik/html/music.cat.html]
[flatfull.com/themes/basik/assets/img/a4.jpg]
[flatfull.com/themes/basik/assets/img/a14.jpg]
[flatfull.com/themes/basik/assets/img/a1.jpg]
[flatfull.com/themes/basik/assets/img/a9.jpg]
[flatfull.com/themes/basik/assets/img/a18.jpg]
[flatfull.com/themes/basik/assets/img/a19.jpg]
[flatfull.com/themes/basik/assets/img/a15.jpg]
[flatfull.com/themes/basik/assets/img/a20.jpg]
[flatfull.com/themes/basik/assets/img/a12.jpg]
[flatfull.com/themes/basik/assets/img/a16.jpg]
[flatfull.com/themes/basik/assets/img/a13.jpg]
[flatfull.com/themes/basik/html/music.artists.html]
[flatfull.com/themes/basik/assets/img/b4.jpg]
[flatfull.com/themes/basik/html/music.detail.html]
[flatfull.com/themes/basik/html/ui.alert.html]
[flatfull.com/themes/basik/html/ui.badge.html]
[flatfull.com/themes/basik/html/ui.button.html]
[flatfull.com/themes/basik/html/ui.card.html]
[flatfull.com/themes/basik/html/ui.carousel.html]
[flatfull.com/themes/basik/html/ui.color.html]
[flatfull.com/themes/basik/html/ui.dropdown.html]
[flatfull.com/themes/basik/html/ui.grid.html]
[flatfull.com/themes/basik/html/ui.icon.html]
[flatfull.com/themes/basik/html/ui.list.html]
[flatfull.com/themes/basik/html/ui.modal.html]
[flatfull.com/themes/basik/html/ui.navbar.html]
[flatfull.com/themes/basik/html/ui.sidenav.html]
[flatfull.com/themes/basik/html/ui.timeline.html]
[flatfull.com/themes/basik/html/ui.tab.html]
[flatfull.com/themes/basik/html/ui.tooltip.html]
[flatfull.com/themes/basik/html/ui.scroll.html]
[flatfull.com/themes/basik/html/ui.sortable.html]
[flatfull.com/themes/basik/html/ui.map.html]
[flatfull.com/themes/basik/html/form.element.html]
[flatfull.com/themes/basik/html/form.layout.html]
[flatfull.com/themes/basik/html/form.validation.html]
[flatfull.com/themes/basik/html/form.editor.html]
[flatfull.com/themes/basik/html/form.datepicker.html]
[flatfull.com/themes/basik/html/form.select.html]
[flatfull.com/themes/basik/html/form.wizard.html]
[flatfull.com/themes/basik/html/form.dropzone.html]
[flatfull.com/themes/basik/html/table.style.html]
[flatfull.com/themes/basik/html/table.bootstrap.html]
[flatfull.com/themes/basik/html/table.datatables.html]
[flatfull.com/themes/basik/html/chart.apex.html]
[flatfull.com/themes/basik/html/chart.chartist.html]
[flatfull.com/themes/basik/html/chart.chartjs.html]
[flatfull.com/themes/basik/html/page.price.html]
[flatfull.com/themes/basik/html/page.blank.html]
[flatfull.com/themes/basik/html/signin.1.html]
[flatfull.com/themes/basik/html/signup.1.html]
[flatfull.com/themes/basik/html/forgot-password.html]
[flatfull.com/themes/basik/assets/img/a11.jpg]
[flatfull.com/themes/basik/html/dashboard.html]
[flatfull.com/themes/basik/html/page.invoice.detail.html]
[flatfull.com/themes/basik/html/layout.a5523.html]
[flatfull.com/themes/basik/html/layout.a.html]
[flatfull.com/themes/basik/html/layout.b5523.html]
[flatfull.com/themes/basik/html/layout.b.html]
[flatfull.com/themes/basik/html/layout.c5523.html]
[flatfull.com/themes/basik/html/layout.c.html]
[flatfull.com/themes/basik/html/layout.d5523.html]
[flatfull.com/themes/basik/html/music5523.html]
[flatfull.com/themes/basik/html/layout.d.html]
[flatfull.com/themes/basik/html/video.detail.html]
[flatfull.com/themes/basik/html/video.cat.html]
[flatfull.com/themes/basik/html/video.catc9a1.html]
[flatfull.com/themes/basik/html/video.catd0db.html]
[flatfull.com/themes/basik/html/video.cat2249.html]
[flatfull.com/themes/basik/html/video.catfad9.html]
[flatfull.com/themes/basik/html/video.cat1196.html]
[flatfull.com/themes/basik/html/video.catd297.html]
[flatfull.com/themes/basik/html/video.detail681a.html]
[flatfull.com/themes/basik/html/video.detail0b30.html]
[flatfull.com/themes/basik/html/video.detaild708.html]
[flatfull.com/themes/basik/html/video5523.html]
[flatfull.com/themes/basik/html/page.setting.html]
[flatfull.com/themes/basik/html/music.artist.html]
[flatfull.com/themes/basik/html/video.html]
[flatfull.com/themes/basik/html/app.calendar.html]
[flatfull.com/themes/basik/html/video.detaildcfd.html]
[flatfull.com/themes/basik/html/app.user.html]
[flatfull.com/themes/basik/html/app.user.detail.html]
[flatfull.com/themes/basik/assets/img/b1.jpg]
[flatfull.com/themes/basik/assets/img/b16.jpg]
[flatfull.com/themes/basik/assets/img/b11.jpg]
[flatfull.com/themes/basik/html/app.message.html]
[flatfull.com/themes/basik/html/app.mail.html]
[flatfull.com/themes/basik/html/app.mail.detail.html]
[flatfull.com/themes/basik/assets/img/b3.jpg]
[flatfull.com/themes/basik/assets/img/b2.jpg]
[flatfull.com/themes/basik/assets/img/b6.jpg]
[flatfull.com/themes/basik/assets/img/b10.jpg]
[flatfull.com/themes/basik/assets/img/b18.jpg]
[flatfull.com/themes/basik/assets/img/b5.jpg]
[flatfull.com/themes/basik/assets/img/b17.jpg]
[flatfull.com/themes/basik/assets/img/b19.jpg]
[flatfull.com/themes/basik/assets/img/b15.jpg]
[flatfull.com/themes/basik/html/page.profile.html]
[flatfull.com/themes/basik/html/page.invoice.html]
[flatfull.com/themes/basik/html/page.search.html]
[flatfull.com/themes/basik/html/page.faq.html]
[flatfull.com/themes/basik/html/ui.alert.html]
[flatfull.com/themes/basik/html/ui.badge.html]
[flatfull.com/themes/basik/html/ui.button.html]
[flatfull.com/themes/basik/html/ui.card.html]
[flatfull.com/themes/basik/html/ui.carousel.html]
[flatfull.com/themes/basik/html/ui.color.html]
[flatfull.com/themes/basik/html/ui.dropdown.html]
[flatfull.com/themes/basik/html/ui.grid.html]
[flatfull.com/themes/basik/html/ui.icon.html]
[flatfull.com/themes/basik/html/ui.list.html]
[flatfull.com/themes/basik/html/ui.modal.html]
[flatfull.com/themes/basik/html/ui.navbar.html]
[flatfull.com/themes/basik/html/ui.sidenav.html]
[flatfull.com/themes/basik/html/ui.timeline.html]
[flatfull.com/themes/basik/html/ui.tab.html]
[flatfull.com/themes/basik/html/ui.tooltip.html]
[flatfull.com/themes/basik/html/ui.scroll.html]
[flatfull.com/themes/basik/html/ui.sortable.html]
[flatfull.com/themes/basik/html/ui.map.html]
[flatfull.com/themes/basik/html/form.element.html]
[flatfull.com/themes/basik/html/form.layout.html]
[flatfull.com/themes/basik/html/form.validation.html]
[flatfull.com/themes/basik/html/form.editor.html]
[flatfull.com/themes/basik/html/form.datepicker.html]
[flatfull.com/themes/basik/html/form.select.html]
[flatfull.com/themes/basik/html/form.wizard.html]
[flatfull.com/themes/basik/html/form.dropzone.html]
[flatfull.com/themes/basik/html/table.style.html]
[flatfull.com/themes/basik/html/table.bootstrap.html]
[flatfull.com/themes/basik/html/table.datatables.html]
[flatfull.com/themes/basik/html/chart.apex.html]
[flatfull.com/themes/basik/html/chart.chartist.html]
[flatfull.com/themes/basik/html/chart.chartjs.html]
[flatfull.com/themes/basik/html/page.price.html]
[flatfull.com/themes/basik/html/page.blank.html]
[flatfull.com/themes/basik/html/signin.1.html]
[flatfull.com/themes/basik/html/signup.1.html]
[flatfull.com/themes/basik/html/forgot-password.html]
[flatfull.com/themes/basik/html/lockme.html]
[flatfull.com/themes/basik/html/404.html]
[flatfull.com/themes/basik/html/505.html]
[flatfull.com/themes/basik/html/page.invoice.detail.html]
[flatfull.com/themes/basik/html/layout.a.html]
[flatfull.com/themes/basik/html/layout.b.html]
[flatfull.com/themes/basik/html/layout.c.html]
[flatfull.com/themes/basik/html/layout.d.html]
[flatfull.com/themes/basik/html/ui.scroll.items.html]
[flatfull.com/themes/basik/assets/img/b20.jpg]
[flatfull.com/themes/basik/assets/img/b14.jpg]
[flatfull.com/themes/basik/html/video.detail.html]
[flatfull.com/themes/basik/html/video.cat.html]
[flatfull.com/themes/basik/html/video.catc9a1.html]
[flatfull.com/themes/basik/html/video.catd0db.html]
[flatfull.com/themes/basik/html/video.cat2249.html]
[flatfull.com/themes/basik/html/video.catfad9.html]
[flatfull.com/themes/basik/html/video.cat1196.html]
[flatfull.com/themes/basik/html/video.catd297.html]
[flatfull.com/themes/basik/html/video.detail681a.html]
[flatfull.com/themes/basik/html/video.detail0b30.html]
[flatfull.com/themes/basik/html/video.detaild708.html]
[flatfull.com/themes/basik/html/video.detaildcfd.html]
[flatfull.com/themes/basik/html/app.user.detail.html]
[flatfull.com/themes/basik/html/app.mail.detail.html]
[flatfull.com/themes/basik/html/ui.scroll.items.html]
